```html
  Unmarked title
  <div>Content</div>
  More content
```