<h1 id="heading-with-italics">Heading with <em>italics</em></h1>

<p><strong>Bold</strong> paragraph</p>

<div><table>
<thead>
<tr>
<th>Head</th>
<th>row</th>
</tr>
</thead>
<tbody><tr>
<td>Data</td>
<td>row</td>
</tr>
</tbody></table>
</div>
<main><blockquote>
<h1 id="title">Title</h1>
<p>This is blockquote paragraph</p>
</blockquote>
</main>
