<main><h1>Main heading</h1>
<p>Est est consequat anim do.<br>Ipsum est excepteur ipsum veniam non laborum pariatur.<br>Laborum non eiusmod et magna elit quis esse.</p>
<h2>Subheading</h2>
<p>Excepteur sunt qui nostrud fugiat magna mollit amet officia excepteur ea excepteur.<br>Ea eu reprehenderit ullamco commodo ullamco aute.<br>Sit aliquip fugiat minim velit culpa.</p>
<table>
<thead>
<tr>
<th>This</th>
<th>is</th>
<th>a</th>
<th>Table</th>
</tr>
</thead>
<tbody><tr>
<td>And</td>
<td>a</td>
<td>-</td>
<td>row</td>
</tr>
<tr>
<td>And</td>
<td>an</td>
<td>o</td>
<td>ther row</td>
</tr>
</tbody></table>
</main>