<div>
  <pre><code class="language-html">    Unmarked title
    &lt;div&gt;Content&lt;/div&gt;
    More content</code></pre>

</div>