<div><pre><code class="language-js">  function foo(bar) {
    var a = 42,
        b = &#39;Prism&#39;;
    return a + bar(b);
  }</code></pre>
</div>