<div>
  <h2>Following, some markdown:</h2>
  <p>  Lorem ipsum.</p>

</div>